



您将了解Kotlin的表情